// Jest Snapshot v1, https://goo.gl/fbAQLP

exports[`Store renders correctly 1`] = `
"<div style={{...}}>
  <div style={{...}}>
    <Item item={{...}} idx={0} reserveItem={[Function: mockConstructor]} />
    <Item item={{...}} idx={1} reserveItem={[Function: mockConstructor]} />
    <Item item={{...}} idx={2} reserveItem={[Function: mockConstructor]} />
    <Item item={{...}} idx={3} reserveItem={[Function: mockConstructor]} />
    <Item item={{...}} idx={4} reserveItem={[Function: mockConstructor]} />
    <Item item={{...}} idx={5} reserveItem={[Function: mockConstructor]} />
    <Item item={{...}} idx={6} reserveItem={[Function: mockConstructor]} />
    <Item item={{...}} idx={7} reserveItem={[Function: mockConstructor]} />
  </div>
</div>"
`;
